projects/amazon-trend-analyzer/qb_chunks/page_094_skip094000.csv
ASIN Buyability Flag,asin_status,CVR%,revenue,asp,units,gv,Images #,Videos #,Has A+ Content,Buybox Winner,Average Rating,Number of Ratings,bb_price,Ad CTR%,Ad CVR%,bsr,brand,Ad CPC$,ASIN (Description),Update Type,Sold By Amazon,Has Coupon?,Has Store Link?,In Stock Today?,category,Sellable On Hand Units,asin,date,Ad Cost,Ad Sales,Ad Clicks,Ad Impressions,Ad Conversions
In Stock,ACTIVE,0.111,15.0,15.28,1.0,9.0,6.0,0.0,True,,4.7,4132.0,15.28,,,14.0,Kingsford,,B07WZWQNTR (Kingsford - Wooden Fire Starter Rolls - 16ct),[],True,True,True,True,Grilling Tools,256.0,B07WZWQNTR,2026-03-27,,,,,
In Stock,ACTIVE,0.286,31.0,15.28,2.0,7.0,6.0,0.0,True,,4.7,4131.0,15.28,,,13.0,Kingsford,,B07WZWQNTR (Kingsford - Wooden Fire Starter Rolls - 16ct),[],True,True,True,True,Grilling Tools,260.0,B07WZWQNTR,2026-03-25,,,,,
In Stock,ACTIVE,0.0,0.0,,0.0,2.0,6.0,0.0,True,,4.7,4131.0,14.36,,,13.0,Kingsford,,B07WZWQNTR (Kingsford - Wooden Fire Starter Rolls - 16ct),[],True,True,True,True,Grilling Tools,260.0,B07WZWQNTR,2026-03-24,,,,,
In Stock,ACTIVE,0.167,14.0,14.36,1.0,6.0,6.0,0.0,True,,4.7,4129.0,14.36,,,12.0,Kingsford,,B07WZWQNTR (Kingsford - Wooden Fire Starter Rolls - 16ct),[],True,True,True,True,Grilling Tools,261.0,B07WZWQNTR,2026-03-23,,,,,
In Stock,ACTIVE,0.0,0.0,,0.0,6.0,6.0,0.0,True,,4.7,4129.0,14.36,,,13.0,Kingsford,,B07WZWQNTR (Kingsford - Wooden Fire Starter Rolls - 16ct),[],True,True,True,True,Grilling Tools,261.0,B07WZWQNTR,2026-03-22,,,,,
In Stock,ACTIVE,0.167,14.0,14.36,1.0,6.0,6.0,0.0,True,,4.7,4128.0,14.36,,,13.0,Kingsford,,B07WZWQNTR (Kingsford - Wooden Fire Starter Rolls - 16ct),[],True,True,True,True,Grilling Tools,262.0,B07WZWQNTR,2026-03-21,,,,,
In Stock,ACTIVE,0.0,0.0,,0.0,5.0,6.0,0.0,True,,4.7,4127.0,14.36,,,13.0,Kingsford,,B07WZWQNTR (Kingsford - Wooden Fire Starter Rolls - 16ct),[],True,True,True,True,Grilling Tools,262.0,B07WZWQNTR,2026-03-20,,,,,
In Stock,ACTIVE,0.143,14.0,14.36,1.0,7.0,6.0,0.0,True,,4.7,4127.0,15.28,,,13.0,Kingsford,,B07WZWQNTR (Kingsford - Wooden Fire Starter Rolls - 16ct),[],True,True,True,True,Grilling Tools,264.0,B07WZWQNTR,2026-03-19,,,,,
In Stock,ACTIVE,0.111,15.0,15.28,1.0,9.0,6.0,0.0,True,,4.7,4127.0,15.28,,,13.0,Kingsford,,B07WZWQNTR (Kingsford - Wooden Fire Starter Rolls - 16ct),[],True,False,True,True,Grilling Tools,265.0,B07WZWQNTR,2026-03-18,,,,,
In Stock,ACTIVE,0.0,0.0,,0.0,7.0,7.0,0.0,True,,4.7,4126.0,15.28,,,14.0,Kingsford,,B07WZWQNTR (Kingsford - Wooden Fire Starter Rolls - 16ct),[],True,False,True,True,Grilling Tools,266.0,B07WZWQNTR,2026-03-17,,,,,
In Stock,ACTIVE,0.182,31.0,15.28,2.0,11.0,7.0,0.0,True,,4.7,4126.0,15.28,,,12.0,Kingsford,,B07WZWQNTR (Kingsford - Wooden Fire Starter Rolls - 16ct),[],True,False,True,True,Grilling Tools,269.0,B07WZWQNTR,2026-03-16,,,,,
In Stock,ACTIVE,0.429,46.0,15.28,3.0,7.0,7.0,0.0,True,,4.7,4126.0,15.28,,,11.0,Kingsford,,B07WZWQNTR (Kingsford - Wooden Fire Starter Rolls - 16ct),[],True,False,True,True,Grilling Tools,270.0,B07WZWQNTR,2026-03-15,,,,,
In Stock,ACTIVE,0.2,15.0,15.28,1.0,5.0,7.0,0.0,True,,4.7,4125.0,15.28,,,11.0,Kingsford,,B07WZWQNTR (Kingsford - Wooden Fire Starter Rolls - 16ct),[],True,False,True,True,Grilling Tools,272.0,B07WZWQNTR,2026-03-14,,,,,
In Stock,ACTIVE,0.167,15.0,15.28,1.0,6.0,7.0,0.0,True,,4.7,4125.0,15.28,,,11.0,Kingsford,,B07WZWQNTR (Kingsford - Wooden Fire Starter Rolls - 16ct),[],True,False,True,True,Grilling Tools,272.0,B07WZWQNTR,2026-03-13,,,,,
In Stock,ACTIVE,0.111,13.0,12.65,1.0,9.0,7.0,0.0,True,,4.7,4124.0,15.28,,,12.0,Kingsford,,B07WZWQNTR (Kingsford - Wooden Fire Starter Rolls - 16ct),[],True,False,True,True,Grilling Tools,272.0,B07WZWQNTR,2026-03-12,,,,,
In Stock,ACTIVE,0.167,15.0,15.28,1.0,6.0,7.0,0.0,True,,4.7,4123.0,15.28,,,10.0,Kingsford,,B07WZWQNTR (Kingsford - Wooden Fire Starter Rolls - 16ct),[],True,False,True,True,Grilling Tools,260.0,B07WZWQNTR,2026-03-11,,,,,
In Stock,ACTIVE,0.2,15.0,15.28,1.0,5.0,7.0,0.0,True,,4.7,4123.0,15.28,,,13.0,Kingsford,,B07WZWQNTR (Kingsford - Wooden Fire Starter Rolls - 16ct),[],True,False,True,True,Grilling Tools,262.0,B07WZWQNTR,2026-03-10,,,,,
In Stock,ACTIVE,0.25,15.0,15.28,1.0,4.0,7.0,0.0,True,,4.7,4122.0,15.28,,,12.0,Kingsford,,B07WZWQNTR (Kingsford - Wooden Fire Starter Rolls - 16ct),[],True,False,True,True,Grilling Tools,262.0,B07WZWQNTR,2026-03-09,,,,,
In Stock,ACTIVE,0.0,0.0,,0.0,3.0,7.0,0.0,True,,4.7,4122.0,15.28,,,13.0,Kingsford,,B07WZWQNTR (Kingsford - Wooden Fire Starter Rolls - 16ct),[],True,False,True,True,Grilling Tools,263.0,B07WZWQNTR,2026-03-08,,,,,
In Stock,ACTIVE,0.0,0.0,,0.0,8.0,7.0,0.0,True,,4.7,4123.0,15.28,,,13.0,Kingsford,,B07WZWQNTR (Kingsford - Wooden Fire Starter Rolls - 16ct),[],True,False,True,True,Grilling Tools,264.0,B07WZWQNTR,2026-03-07,,,,,
In Stock,ACTIVE,0.0,,,,9.0,7.0,0.0,True,,4.7,4122.0,15.28,,,13.0,Kingsford,,B07WZWQNTR (Kingsford - Wooden Fire Starter Rolls - 16ct),[],True,False,True,True,Grilling Tools,276.0,B07WZWQNTR,2026-03-06,,,,,
In Stock,ACTIVE,0.0,0.0,,0.0,1.0,7.0,0.0,True,,4.7,4122.0,15.28,,,14.0,Kingsford,,B07WZWQNTR (Kingsford - Wooden Fire Starter Rolls - 16ct),[],True,False,True,True,Grilling Tools,276.0,B07WZWQNTR,2026-03-05,,,,,
In Stock,ACTIVE,0.125,15.0,15.28,1.0,8.0,7.0,0.0,True,,4.7,4122.0,15.28,,,14.0,Kingsford,,B07WZWQNTR (Kingsford - Wooden Fire Starter Rolls - 16ct),[],True,False,True,True,Grilling Tools,277.0,B07WZWQNTR,2026-03-04,,,,,
In Stock,ACTIVE,0.0,,,,4.0,7.0,0.0,True,,4.7,4123.0,15.28,,,14.0,Kingsford,,B07WZWQNTR (Kingsford - Wooden Fire Starter Rolls - 16ct),[],True,False,True,True,Grilling Tools,229.0,B07WZWQNTR,2026-03-03,,,,,
In Stock,ACTIVE,0.0,0.0,,0.0,5.0,7.0,0.0,True,,4.7,4122.0,14.54,,,13.0,Kingsford,,B07WZWQNTR (Kingsford - Wooden Fire Starter Rolls - 16ct),[],True,False,True,True,Grilling Tools,229.0,B07WZWQNTR,2026-03-02,,,,,
In Stock,ACTIVE,0.0,0.0,,0.0,3.0,7.0,0.0,True,,4.7,4122.0,14.54,,,14.0,Kingsford,,B07WZWQNTR (Kingsford - Wooden Fire Starter Rolls - 16ct),[],True,False,True,True,Grilling Tools,230.0,B07WZWQNTR,2026-03-01,,,,,
In Stock,ACTIVE,0.125,15.0,14.54,1.0,8.0,7.0,0.0,True,,4.7,4122.0,14.94,,,14.0,Kingsford,,B07WZWQNTR (Kingsford - Wooden Fire Starter Rolls - 16ct),[],True,False,True,True,Grilling Tools,231.0,B07WZWQNTR,2026-02-28,,,,,
In Stock,ACTIVE,1.333,60.0,14.94,4.0,3.0,7.0,0.0,True,,4.7,4120.0,14.94,,,15.0,Kingsford,,B07WZWQNTR (Kingsford - Wooden Fire Starter Rolls - 16ct),[],True,False,True,True,Grilling Tools,233.0,B07WZWQNTR,2026-02-27,,,,,
In Stock,ACTIVE,0.0,0.0,,0.0,3.0,7.0,0.0,True,,4.7,4120.0,14.54,,,15.0,Kingsford,,B07WZWQNTR (Kingsford - Wooden Fire Starter Rolls - 16ct),[],True,False,True,True,Grilling Tools,233.0,B07WZWQNTR,2026-02-26,,,,,
In Stock,ACTIVE,0.222,29.0,14.54,2.0,9.0,7.0,0.0,True,,4.7,4119.0,14.54,,,15.0,Kingsford,,B07WZWQNTR (Kingsford - Wooden Fire Starter Rolls - 16ct),[],True,False,True,True,Grilling Tools,221.0,B07WZWQNTR,2026-02-25,,,,,
In Stock,ACTIVE,0.0,0.0,,0.0,13.0,7.0,0.0,True,,4.7,4119.0,14.5,,,15.0,Kingsford,,B07WZWQNTR (Kingsford - Wooden Fire Starter Rolls - 16ct),[],True,False,True,True,Grilling Tools,223.0,B07WZWQNTR,2026-02-24,,,,,
In Stock,ACTIVE,1.0,15.0,14.5,1.0,1.0,7.0,0.0,True,,4.7,4118.0,14.5,,,15.0,Kingsford,,B07WZWQNTR (Kingsford - Wooden Fire Starter Rolls - 16ct),[],True,False,True,True,Grilling Tools,224.0,B07WZWQNTR,2026-02-23,,,,,
In Stock,ACTIVE,0.0,0.0,,0.0,2.0,7.0,0.0,True,,4.7,4118.0,14.5,,,17.0,Kingsford,,B07WZWQNTR (Kingsford - Wooden Fire Starter Rolls - 16ct),[],True,False,True,True,Grilling Tools,224.0,B07WZWQNTR,2026-02-22,,,,,
In Stock,ACTIVE,0.0,0.0,,0.0,4.0,7.0,0.0,True,,4.7,4117.0,14.51,,,17.0,Kingsford,,B07WZWQNTR (Kingsford - Wooden Fire Starter Rolls - 16ct),[],True,False,True,True,Grilling Tools,225.0,B07WZWQNTR,2026-02-21,,,,,
In Stock,ACTIVE,0.0,,,,5.0,7.0,0.0,True,,4.7,4117.0,13.39,,,14.0,Kingsford,,B07WZWQNTR (Kingsford - Wooden Fire Starter Rolls - 16ct),[],True,False,True,True,Grilling Tools,225.0,B07WZWQNTR,2026-02-20,,,,,
In Stock,ACTIVE,0.0,,,,4.0,7.0,0.0,True,,4.7,4117.0,13.39,,,14.0,Kingsford,,B07WZWQNTR (Kingsford - Wooden Fire Starter Rolls - 16ct),[],True,False,True,True,Grilling Tools,213.0,B07WZWQNTR,2026-02-19,,,,,
In Stock,ACTIVE,0.167,14.0,14.47,1.0,6.0,7.0,0.0,True,,4.7,4117.0,13.39,,,15.0,Kingsford,,B07WZWQNTR (Kingsford - Wooden Fire Starter Rolls - 16ct),[],True,False,True,True,Grilling Tools,201.0,B07WZWQNTR,2026-02-18,,,,,
In Stock,ACTIVE,0.0,,,,9.0,7.0,0.0,True,,4.7,4117.0,13.39,,,13.0,Kingsford,,B07WZWQNTR (Kingsford - Wooden Fire Starter Rolls - 16ct),[],True,False,True,True,Grilling Tools,201.0,B07WZWQNTR,2026-02-17,,,,,
In Stock,ACTIVE,0.0,,,,5.0,7.0,0.0,True,,4.7,4117.0,13.39,,,12.0,Kingsford,,B07WZWQNTR (Kingsford - Wooden Fire Starter Rolls - 16ct),[],True,False,True,True,Grilling Tools,213.0,B07WZWQNTR,2026-02-16,,,,,
In Stock,ACTIVE,0.0,,,,6.0,7.0,0.0,True,,4.7,4117.0,13.39,,,12.0,Kingsford,,B07WZWQNTR (Kingsford - Wooden Fire Starter Rolls - 16ct),[],True,False,True,True,Grilling Tools,213.0,B07WZWQNTR,2026-02-15,,,,,
In Stock,ACTIVE,0.0,,,,6.0,7.0,0.0,True,,4.7,4116.0,13.39,,,13.0,Kingsford,,B07WZWQNTR (Kingsford - Wooden Fire Starter Rolls - 16ct),[],True,False,True,True,Grilling Tools,213.0,B07WZWQNTR,2026-02-14,,,,,
In Stock,ACTIVE,0.0,,,,2.0,7.0,0.0,True,,4.7,4116.0,13.36,,,13.0,Kingsford,,B07WZWQNTR (Kingsford - Wooden Fire Starter Rolls - 16ct),[],True,False,True,True,Grilling Tools,201.0,B07WZWQNTR,2026-02-13,,,,,
In Stock,ACTIVE,0.0,0.0,,0.0,5.0,5.0,0.0,True,,4.7,4115.0,13.24,,,13.0,Kingsford,,B07WZWQNTR (Kingsford - Wooden Fire Starter Rolls - 16ct),[],True,False,True,True,Grilling Tools,0.0,B07WZWQNTR,2026-02-10,,,,,
In Stock,ACTIVE,0.0,,,,2.0,5.0,0.0,True,,4.7,4115.0,11.66,,,13.0,Kingsford,,B07WZWQNTR (Kingsford - Wooden Fire Starter Rolls - 16ct),[],True,False,True,True,Grilling Tools,214.0,B07WZWQNTR,2026-02-09,,,,,
In Stock,ACTIVE,0.0,0.0,,0.0,15.0,5.0,0.0,True,,4.7,4115.0,11.66,,,13.0,Kingsford,,B07WZWQNTR (Kingsford - Wooden Fire Starter Rolls - 16ct),[],True,False,True,True,Grilling Tools,203.0,B07WZWQNTR,2026-02-08,,,,,
In Stock,ACTIVE,0.25,12.0,11.66,1.0,4.0,5.0,0.0,True,,4.7,4115.0,11.66,,,13.0,Kingsford,,B07WZWQNTR (Kingsford - Wooden Fire Starter Rolls - 16ct),[],True,False,True,True,Grilling Tools,192.0,B07WZWQNTR,2026-02-07,,,,,
In Stock,ACTIVE,0.333,12.0,11.66,1.0,3.0,5.0,0.0,True,,4.7,4115.0,11.65,,,14.0,Kingsford,,B07WZWQNTR (Kingsford - Wooden Fire Starter Rolls - 16ct),[],True,False,True,True,Grilling Tools,192.0,B07WZWQNTR,2026-02-06,,,,,
In Stock,ACTIVE,0.167,12.0,11.66,1.0,6.0,5.0,0.0,True,,4.7,4114.0,11.65,,,13.0,Kingsford,,B07WZWQNTR (Kingsford - Wooden Fire Starter Rolls - 16ct),[],True,False,True,True,Grilling Tools,193.0,B07WZWQNTR,2026-02-05,,,,,
In Stock,ACTIVE,0.0,0.0,,0.0,2.0,5.0,0.0,True,,4.7,4114.0,11.58,,,14.0,Kingsford,,B07WZWQNTR (Kingsford - Wooden Fire Starter Rolls - 16ct),[],True,False,True,True,Grilling Tools,195.0,B07WZWQNTR,2026-02-04,,,,,
In Stock,ACTIVE,0.4,22.0,10.83,2.0,5.0,5.0,0.0,True,,4.7,4114.0,10.05,,,14.0,Kingsford,,B07WZWQNTR (Kingsford - Wooden Fire Starter Rolls - 16ct),[],True,False,True,True,Grilling Tools,195.0,B07WZWQNTR,2026-02-03,,,,,
In Stock,ACTIVE,0.125,10.0,10.05,1.0,8.0,5.0,0.0,True,,4.7,4114.0,10.04,,,15.0,Kingsford,,B07WZWQNTR (Kingsford - Wooden Fire Starter Rolls - 16ct),[],True,False,True,True,Grilling Tools,196.0,B07WZWQNTR,2026-02-02,,,,,
In Stock,ACTIVE,0.286,20.0,10.04,2.0,7.0,15.0,0.0,True,,4.7,4114.0,9.97,,,15.0,Kingsford,,B07WZWQNTR (Kingsford - Wooden Fire Starter Rolls - 16ct),[],True,False,True,True,Grilling Tools,198.0,B07WZWQNTR,2026-02-01,,,,,
In Stock,ACTIVE,0.067,10.0,9.95,1.0,15.0,5.0,0.0,True,,4.7,4114.0,9.95,,,14.0,Kingsford,,B07WZWQNTR (Kingsford - Wooden Fire Starter Rolls - 16ct),[],True,False,True,True,Grilling Tools,199.0,B07WZWQNTR,2026-01-31,,,,,
In Stock,ACTIVE,0.0,0.0,,0.0,12.0,5.0,0.0,True,,4.7,4113.0,9.85,,,14.0,Kingsford,,B07WZWQNTR (Kingsford - Wooden Fire Starter Rolls - 16ct),[],True,False,True,True,Grilling Tools,200.0,B07WZWQNTR,2026-01-30,,,,,
In Stock,ACTIVE,0.286,20.0,9.85,2.0,7.0,5.0,0.0,True,,4.7,4112.0,9.85,,,14.0,Kingsford,,B07WZWQNTR (Kingsford - Wooden Fire Starter Rolls - 16ct),[],True,False,True,True,Grilling Tools,202.0,B07WZWQNTR,2026-01-29,,,,,
In Stock,ACTIVE,0.2,10.0,9.82,1.0,5.0,5.0,0.0,True,,4.7,4112.0,9.82,,,14.0,Kingsford,,B07WZWQNTR (Kingsford - Wooden Fire Starter Rolls - 16ct),[],True,False,True,True,Grilling Tools,203.0,B07WZWQNTR,2026-01-28,,,,,
In Stock,ACTIVE,0.0,0.0,,0.0,6.0,5.0,0.0,True,,4.7,4111.0,9.65,,,14.0,Kingsford,,B07WZWQNTR (Kingsford - Wooden Fire Starter Rolls - 16ct),[],True,False,True,True,Grilling Tools,205.0,B07WZWQNTR,2026-01-27,,,,,
In Stock,ACTIVE,0.0,0.0,,0.0,11.0,5.0,0.0,True,,4.7,4111.0,9.6,,,12.0,Kingsford,,B07WZWQNTR (Kingsford - Wooden Fire Starter Rolls - 16ct),[],True,False,True,True,Grilling Tools,205.0,B07WZWQNTR,2026-01-26,,,,,
In Stock,ACTIVE,0.545,57.0,9.46,6.0,11.0,5.0,0.0,True,,4.7,4110.0,9.46,,,11.0,Kingsford,,B07WZWQNTR (Kingsford - Wooden Fire Starter Rolls - 16ct),[],True,False,True,True,Grilling Tools,207.0,B07WZWQNTR,2026-01-25,,,,,
In Stock,ACTIVE,0.125,9.0,9.34,1.0,8.0,5.0,0.0,True,,4.7,4110.0,9.34,,,11.0,Kingsford,,B07WZWQNTR (Kingsford - Wooden Fire Starter Rolls - 16ct),[],True,False,True,True,Grilling Tools,209.0,B07WZWQNTR,2026-01-24,,,,,
In Stock,ACTIVE,0.0,0.0,,0.0,14.0,5.0,0.0,True,,4.7,4108.0,9.31,,,11.0,Kingsford,,B07WZWQNTR (Kingsford - Wooden Fire Starter Rolls - 16ct),[],True,False,True,True,Grilling Tools,210.0,B07WZWQNTR,2026-01-23,,,,,
In Stock,ACTIVE,0.083,9.0,9.31,1.0,12.0,5.0,0.0,True,,4.7,4108.0,9.32,,,14.0,Kingsford,,B07WZWQNTR (Kingsford - Wooden Fire Starter Rolls - 16ct),[],True,False,True,True,Grilling Tools,212.0,B07WZWQNTR,2026-01-22,,,,,
In Stock,ACTIVE,0.5379999999999999,65.0,9.32,7.0,13.0,5.0,0.0,True,,4.7,4108.0,9.32,,,14.0,Kingsford,,B07WZWQNTR (Kingsford - Wooden Fire Starter Rolls - 16ct),[],True,False,True,True,Grilling Tools,216.0,B07WZWQNTR,2026-01-21,,,,,
In Stock,ACTIVE,0.353,56.0,9.32,6.0,17.0,5.0,0.0,True,,4.7,4107.0,9.31,,,14.0,Kingsford,,B07WZWQNTR (Kingsford - Wooden Fire Starter Rolls - 16ct),[],True,False,True,True,Grilling Tools,221.0,B07WZWQNTR,2026-01-20,,,,,
In Stock,ACTIVE,0.333,28.0,9.31,3.0,9.0,5.0,0.0,True,,4.7,4107.0,9.31,,,14.0,Kingsford,,B07WZWQNTR (Kingsford - Wooden Fire Starter Rolls - 16ct),[],True,False,True,True,Grilling Tools,224.0,B07WZWQNTR,2026-01-19,,,,,
In Stock,ACTIVE,0.333,28.0,9.31,3.0,9.0,5.0,0.0,True,,4.7,4107.0,9.31,,,14.0,Kingsford,,B07WZWQNTR (Kingsford - Wooden Fire Starter Rolls - 16ct),[],True,False,True,True,Grilling Tools,226.0,B07WZWQNTR,2026-01-18,,,,,
In Stock,ACTIVE,0.0,0.0,,0.0,11.0,5.0,0.0,True,,4.7,4107.0,9.31,,,14.0,Kingsford,,B07WZWQNTR (Kingsford - Wooden Fire Starter Rolls - 16ct),[],True,False,True,True,Grilling Tools,228.0,B07WZWQNTR,2026-01-17,,,,,
In Stock,ACTIVE,0.2,9.0,9.31,1.0,5.0,5.0,0.0,True,,4.7,4107.0,9.31,,,14.0,Kingsford,,B07WZWQNTR (Kingsford - Wooden Fire Starter Rolls - 16ct),[],True,False,True,True,Grilling Tools,230.0,B07WZWQNTR,2026-01-16,,,,,
In Stock,ACTIVE,0.5,47.0,9.31,5.0,10.0,5.0,0.0,True,,4.7,4106.0,9.3,,,14.0,Kingsford,,B07WZWQNTR (Kingsford - Wooden Fire Starter Rolls - 16ct),[],True,False,True,True,Grilling Tools,234.0,B07WZWQNTR,2026-01-15,,,,,
In Stock,ACTIVE,0.286,19.0,9.3,2.0,7.0,5.0,0.0,True,,4.7,4107.0,9.3,,,14.0,Kingsford,,B07WZWQNTR (Kingsford - Wooden Fire Starter Rolls - 16ct),[],True,False,True,True,Grilling Tools,230.0,B07WZWQNTR,2026-01-14,,,,,
In Stock,ACTIVE,0.125,9.0,9.3,1.0,8.0,5.0,0.0,True,,4.7,4105.0,12.5,,,14.0,Kingsford,,B07WZWQNTR (Kingsford - Wooden Fire Starter Rolls - 16ct),[],True,False,True,True,Grilling Tools,237.0,B07WZWQNTR,2026-01-13,,,,,
In Stock,ACTIVE,0.091,13.0,12.5,1.0,11.0,5.0,0.0,True,,4.7,4105.0,9.3,,,14.0,Kingsford,,B07WZWQNTR (Kingsford - Wooden Fire Starter Rolls - 16ct),[],True,False,True,True,Grilling Tools,237.0,B07WZWQNTR,2026-01-12,,,,,
In Stock,ACTIVE,0.231,28.0,9.29,3.0,13.0,5.0,0.0,True,,4.7,4105.0,9.3,,,14.0,Kingsford,,B07WZWQNTR (Kingsford - Wooden Fire Starter Rolls - 16ct),[],True,False,True,True,Grilling Tools,243.0,B07WZWQNTR,2026-01-11,,,,,
In Stock,ACTIVE,0.6,28.0,9.29,3.0,5.0,5.0,0.0,True,,4.7,4104.0,9.3,,,15.0,Kingsford,,B07WZWQNTR (Kingsford - Wooden Fire Starter Rolls - 16ct),[],True,False,True,True,Grilling Tools,244.0,B07WZWQNTR,2026-01-10,,,,,
In Stock,ACTIVE,0.222,19.0,9.3,2.0,9.0,5.0,0.0,True,,4.7,4102.0,9.28,,,15.0,Kingsford,,B07WZWQNTR (Kingsford - Wooden Fire Starter Rolls - 16ct),[],True,False,True,True,Grilling Tools,246.0,B07WZWQNTR,2026-01-09,,,,,
In Stock,ACTIVE,0.125,9.0,9.28,1.0,8.0,6.0,0.0,True,,4.7,4102.0,9.28,,,15.0,Kingsford,,B07WZWQNTR (Kingsford - Wooden Fire Starter Rolls - 16ct),[],True,False,True,True,Grilling Tools,246.0,B07WZWQNTR,2026-01-08,,,,,
In Stock,ACTIVE,1.0,37.0,9.28,4.0,4.0,6.0,0.0,True,,4.7,4100.0,9.28,,,16.0,Kingsford,,B07WZWQNTR (Kingsford - Wooden Fire Starter Rolls - 16ct),[],True,False,True,True,Grilling Tools,248.0,B07WZWQNTR,2026-01-07,,,,,
In Stock,ACTIVE,0.1,9.0,9.28,1.0,10.0,6.0,0.0,True,,4.7,4100.0,9.28,,,16.0,Kingsford,,B07WZWQNTR (Kingsford - Wooden Fire Starter Rolls - 16ct),[],True,False,True,True,Grilling Tools,254.0,B07WZWQNTR,2026-01-06,,,,,
In Stock,ACTIVE,0.5710000000000001,37.0,9.28,4.0,7.0,6.0,0.0,True,,4.7,4099.0,9.28,,,15.0,Kingsford,,B07WZWQNTR (Kingsford - Wooden Fire Starter Rolls - 16ct),[],True,False,True,True,Grilling Tools,257.0,B07WZWQNTR,2026-01-05,,,,,
In Stock,ACTIVE,0.556,46.0,9.28,5.0,9.0,6.0,0.0,True,,4.7,4099.0,11.62,,,15.0,Kingsford,,B07WZWQNTR (Kingsford - Wooden Fire Starter Rolls - 16ct),[],True,False,True,True,Grilling Tools,260.0,B07WZWQNTR,2026-01-04,,,,,
In Stock,ACTIVE,0.333,23.0,11.62,2.0,6.0,6.0,0.0,True,,4.7,4097.0,11.62,,,15.0,Kingsford,,B07WZWQNTR (Kingsford - Wooden Fire Starter Rolls - 16ct),[],True,False,True,True,Grilling Tools,264.0,B07WZWQNTR,2026-01-03,,,,,
